am época 1: 500/3969 pasos
am época 1: 1000/3969 pasos
am época 1: 1500/3969 pasos
am época 1: 2000/3969 pasos
am época 1: 2500/3969 pasos
am época 1: 3000/3969 pasos
am época 1: 3500/3969 pasos
am época 1: train=0.492914, val=0.472007, RMSE=0.110724 mm/h, 58.4s, paciencia=0
am época 2: 500/3969 pasos
am época 2: 1000/3969 pasos
am época 2: 1500/3969 pasos
am época 2: 2000/3969 pasos
am época 2: 2500/3969 pasos
am época 2: 3000/3969 pasos
am época 2: 3500/3969 pasos
am época 2: train=0.424807, val=0.448755, RMSE=0.107963 mm/h, 39.5s, paciencia=0
am época 3: 500/3969 pasos
am época 3: 1000/3969 pasos
am época 3: 1500/3969 pasos
am época 3: 2000/3969 pasos
am época 3: 2500/3969 pasos
am época 3: 3000/3969 pasos
am época 3: 3500/3969 pasos
am época 3: train=0.410073, val=0.434148, RMSE=0.106191 mm/h, 37.8s, paciencia=0
am época 4: 500/3969 pasos
am época 4: 1000/3969 pasos
am época 4: 1500/3969 pasos
am época 4: 2000/3969 pasos
am época 4: 2500/3969 pasos
am época 4: 3000/3969 pasos
am época 4: 3500/3969 pasos
am época 4: train=0.400135, val=0.428225, RMSE=0.105464 mm/h, 35.0s, paciencia=0
am época 5: 500/3969 pasos
am época 5: 1000/3969 pasos
am época 5: 1500/3969 pasos
am época 5: 2000/3969 pasos
am época 5: 2500/3969 pasos
am época 5: 3000/3969 pasos
am época 5: 3500/3969 pasos
am época 5: train=0.393991, val=0.421828, RMSE=0.104674 mm/h, 34.2s, paciencia=0
am época 6: 500/3969 pasos
am época 6: 1000/3969 pasos
am época 6: 1500/3969 pasos
am época 6: 2000/3969 pasos
am época 6: 2500/3969 pasos
am época 6: 3000/3969 pasos
am época 6: 3500/3969 pasos
am época 6: train=0.388607, val=0.416626, RMSE=0.104026 mm/h, 31.1s, paciencia=0
am época 7: 500/3969 pasos
am época 7: 1000/3969 pasos
am época 7: 1500/3969 pasos
am época 7: 2000/3969 pasos
am época 7: 2500/3969 pasos
am época 7: 3000/3969 pasos
am época 7: 3500/3969 pasos
am época 7: train=0.385041, val=0.414865, RMSE=0.103806 mm/h, 32.9s, paciencia=0
am época 8: 500/3969 pasos
am época 8: 1000/3969 pasos
am época 8: 1500/3969 pasos
am época 8: 2000/3969 pasos
am época 8: 2500/3969 pasos
am época 8: 3000/3969 pasos
am época 8: 3500/3969 pasos
am época 8: train=0.381421, val=0.411627, RMSE=0.103400 mm/h, 34.6s, paciencia=0
am época 9: 500/3969 pasos
am época 9: 1000/3969 pasos
am época 9: 1500/3969 pasos
am época 9: 2000/3969 pasos
am época 9: 2500/3969 pasos
am época 9: 3000/3969 pasos
am época 9: 3500/3969 pasos
am época 9: train=0.378033, val=0.421842, RMSE=0.104675 mm/h, 32.3s, paciencia=1
am época 10: 500/3969 pasos
am época 10: 1000/3969 pasos
am época 10: 1500/3969 pasos
am época 10: 2000/3969 pasos
am época 10: 2500/3969 pasos
am época 10: 3000/3969 pasos
am época 10: 3500/3969 pasos
am época 10: train=0.374844, val=0.406820, RMSE=0.102795 mm/h, 41.5s, paciencia=0
am época 11: 500/3969 pasos
am época 11: 1000/3969 pasos
am época 11: 1500/3969 pasos
am época 11: 2000/3969 pasos
am época 11: 2500/3969 pasos
am época 11: 3000/3969 pasos
am época 11: 3500/3969 pasos
am época 11: train=0.372973, val=0.404787, RMSE=0.102537 mm/h, 35.5s, paciencia=0
am época 12: 500/3969 pasos
am época 12: 1000/3969 pasos
am época 12: 1500/3969 pasos
am época 12: 2000/3969 pasos
am época 12: 2500/3969 pasos
am época 12: 3000/3969 pasos
am época 12: 3500/3969 pasos
am época 12: train=0.372112, val=0.405554, RMSE=0.102635 mm/h, 36.4s, paciencia=1
am época 13: 500/3969 pasos
am época 13: 1000/3969 pasos
am época 13: 1500/3969 pasos
am época 13: 2000/3969 pasos
am época 13: 2500/3969 pasos
am época 13: 3000/3969 pasos
am época 13: 3500/3969 pasos
am época 13: train=0.368434, val=0.404975, RMSE=0.102561 mm/h, 34.0s, paciencia=2
am época 14: 500/3969 pasos
am época 14: 1000/3969 pasos
am época 14: 1500/3969 pasos
am época 14: 2000/3969 pasos
am época 14: 2500/3969 pasos
am época 14: 3000/3969 pasos
am época 14: 3500/3969 pasos
am época 14: train=0.368064, val=0.407382, RMSE=0.102866 mm/h, 34.1s, paciencia=3
am época 15: 500/3969 pasos
am época 15: 1000/3969 pasos
am época 15: 1500/3969 pasos
am época 15: 2000/3969 pasos
am época 15: 2500/3969 pasos
am época 15: 3000/3969 pasos
am época 15: 3500/3969 pasos
am época 15: train=0.366230, val=0.410092, RMSE=0.103207 mm/h, 37.4s, paciencia=4
am época 16: 500/3969 pasos
am época 16: 1000/3969 pasos
am época 16: 1500/3969 pasos
am época 16: 2000/3969 pasos
am época 16: 2500/3969 pasos
am época 16: 3000/3969 pasos
am época 16: 3500/3969 pasos
am época 16: train=0.364431, val=0.403148, RMSE=0.102330 mm/h, 38.2s, paciencia=0
am época 17: 500/3969 pasos
am época 17: 1000/3969 pasos
am época 17: 1500/3969 pasos
am época 17: 2000/3969 pasos
am época 17: 2500/3969 pasos
am época 17: 3000/3969 pasos
am época 17: 3500/3969 pasos
am época 17: train=0.362367, val=0.406444, RMSE=0.102747 mm/h, 39.8s, paciencia=1
am época 18: 500/3969 pasos
am época 18: 1000/3969 pasos
am época 18: 1500/3969 pasos
am época 18: 2000/3969 pasos
am época 18: 2500/3969 pasos
am época 18: 3000/3969 pasos
am época 18: 3500/3969 pasos
am época 18: train=0.362083, val=0.411676, RMSE=0.103406 mm/h, 33.2s, paciencia=2
am época 19: 500/3969 pasos
am época 19: 1000/3969 pasos
am época 19: 1500/3969 pasos
am época 19: 2000/3969 pasos
am época 19: 2500/3969 pasos
am época 19: 3000/3969 pasos
am época 19: 3500/3969 pasos
am época 19: train=0.359535, val=0.403912, RMSE=0.102427 mm/h, 33.4s, paciencia=3
am época 20: 500/3969 pasos
am época 20: 1000/3969 pasos
am época 20: 1500/3969 pasos
am época 20: 2000/3969 pasos
am época 20: 2500/3969 pasos
am época 20: 3000/3969 pasos
am época 20: 3500/3969 pasos
am época 20: train=0.358388, val=0.412545, RMSE=0.103515 mm/h, 32.4s, paciencia=4
am época 21: 500/3969 pasos
am época 21: 1000/3969 pasos
am época 21: 1500/3969 pasos
am época 21: 2000/3969 pasos
am época 21: 2500/3969 pasos
am época 21: 3000/3969 pasos
am época 21: 3500/3969 pasos
am época 21: train=0.357374, val=0.406577, RMSE=0.102764 mm/h, 31.8s, paciencia=5
cnn época 1: 500/3969 pasos
cnn época 1: 1000/3969 pasos
cnn época 1: 1500/3969 pasos
cnn época 1: 2000/3969 pasos
cnn época 1: 2500/3969 pasos
cnn época 1: 3000/3969 pasos
cnn época 1: 3500/3969 pasos
cnn época 1: train=0.560289, val=0.550372, RMSE=0.119563 mm/h, 42.0s, paciencia=0
cnn época 2: 500/3969 pasos
cnn época 2: 1000/3969 pasos
cnn época 2: 1500/3969 pasos
cnn época 2: 2000/3969 pasos
cnn época 2: 2500/3969 pasos
cnn época 2: 3000/3969 pasos
cnn época 2: 3500/3969 pasos
cnn época 2: train=0.454909, val=0.469812, RMSE=0.110467 mm/h, 33.6s, paciencia=0
cnn época 3: 500/3969 pasos
cnn época 3: 1000/3969 pasos
cnn época 3: 1500/3969 pasos
cnn época 3: 2000/3969 pasos
cnn época 3: 2500/3969 pasos
cnn época 3: 3000/3969 pasos
cnn época 3: 3500/3969 pasos
cnn época 3: train=0.434704, val=0.454963, RMSE=0.108707 mm/h, 22.7s, paciencia=0
cnn época 4: 500/3969 pasos
cnn época 4: 1000/3969 pasos
cnn época 4: 1500/3969 pasos
cnn época 4: 2000/3969 pasos
cnn época 4: 2500/3969 pasos
cnn época 4: 3000/3969 pasos
cnn época 4: 3500/3969 pasos
cnn época 4: train=0.424151, val=0.455925, RMSE=0.108822 mm/h, 23.0s, paciencia=1
cnn época 5: 500/3969 pasos
cnn época 5: 1000/3969 pasos
cnn época 5: 1500/3969 pasos
cnn época 5: 2000/3969 pasos
cnn época 5: 2500/3969 pasos
cnn época 5: 3000/3969 pasos
cnn época 5: 3500/3969 pasos
cnn época 5: train=0.415827, val=0.437025, RMSE=0.106542 mm/h, 25.2s, paciencia=0
cnn época 6: 500/3969 pasos
cnn época 6: 1000/3969 pasos
cnn época 6: 1500/3969 pasos
cnn época 6: 2000/3969 pasos
cnn época 6: 2500/3969 pasos
cnn época 6: 3000/3969 pasos
cnn época 6: 3500/3969 pasos
cnn época 6: train=0.410320, val=0.434701, RMSE=0.106259 mm/h, 26.3s, paciencia=0
cnn época 7: 500/3969 pasos
cnn época 7: 1000/3969 pasos
cnn época 7: 1500/3969 pasos
cnn época 7: 2000/3969 pasos
cnn época 7: 2500/3969 pasos
cnn época 7: 3000/3969 pasos
cnn época 7: 3500/3969 pasos
cnn época 7: train=0.406442, val=0.439650, RMSE=0.106862 mm/h, 33.1s, paciencia=1
cnn época 8: 500/3969 pasos
cnn época 8: 1000/3969 pasos
cnn época 8: 1500/3969 pasos
cnn época 8: 2000/3969 pasos
cnn época 8: 2500/3969 pasos
cnn época 8: 3000/3969 pasos
cnn época 8: 3500/3969 pasos
cnn época 8: train=0.404216, val=0.430435, RMSE=0.105736 mm/h, 23.7s, paciencia=0
cnn época 9: 500/3969 pasos
cnn época 9: 1000/3969 pasos
cnn época 9: 1500/3969 pasos
cnn época 9: 2000/3969 pasos
cnn época 9: 2500/3969 pasos
cnn época 9: 3000/3969 pasos
cnn época 9: 3500/3969 pasos
cnn época 9: train=0.399616, val=0.435255, RMSE=0.106326 mm/h, 43.2s, paciencia=1
cnn época 10: 500/3969 pasos
cnn época 10: 1000/3969 pasos
cnn época 10: 1500/3969 pasos
cnn época 10: 2000/3969 pasos
cnn época 10: 2500/3969 pasos
cnn época 10: 3000/3969 pasos
cnn época 10: 3500/3969 pasos
cnn época 10: train=0.397240, val=0.424418, RMSE=0.104994 mm/h, 36.3s, paciencia=0
cnn época 11: 500/3969 pasos
cnn época 11: 1000/3969 pasos
cnn época 11: 1500/3969 pasos
cnn época 11: 2000/3969 pasos
cnn época 11: 2500/3969 pasos
cnn época 11: 3000/3969 pasos
cnn época 11: 3500/3969 pasos
cnn época 11: train=0.395177, val=0.426313, RMSE=0.105229 mm/h, 32.8s, paciencia=1
cnn época 12: 500/3969 pasos
cnn época 12: 1000/3969 pasos
cnn época 12: 1500/3969 pasos
cnn época 12: 2000/3969 pasos
cnn época 12: 2500/3969 pasos
cnn época 12: 3000/3969 pasos
cnn época 12: 3500/3969 pasos
cnn época 12: train=0.393856, val=0.426793, RMSE=0.105288 mm/h, 27.6s, paciencia=2
cnn época 13: 500/3969 pasos
cnn época 13: 1000/3969 pasos
cnn época 13: 1500/3969 pasos
cnn época 13: 2000/3969 pasos
cnn época 13: 2500/3969 pasos
cnn época 13: 3000/3969 pasos
cnn época 13: 3500/3969 pasos
cnn época 13: train=0.390523, val=0.423821, RMSE=0.104921 mm/h, 22.9s, paciencia=0
cnn época 14: 500/3969 pasos
cnn época 14: 1000/3969 pasos
cnn época 14: 1500/3969 pasos
cnn época 14: 2000/3969 pasos
cnn época 14: 2500/3969 pasos
cnn época 14: 3000/3969 pasos
cnn época 14: 3500/3969 pasos
cnn época 14: train=0.389588, val=0.416823, RMSE=0.104051 mm/h, 26.6s, paciencia=0
cnn época 15: 500/3969 pasos
cnn época 15: 1000/3969 pasos
cnn época 15: 1500/3969 pasos
cnn época 15: 2000/3969 pasos
cnn época 15: 2500/3969 pasos
cnn época 15: 3000/3969 pasos
cnn época 15: 3500/3969 pasos
cnn época 15: train=0.388742, val=0.425205, RMSE=0.105092 mm/h, 22.5s, paciencia=1
cnn época 16: 500/3969 pasos
cnn época 16: 1000/3969 pasos
cnn época 16: 1500/3969 pasos
cnn época 16: 2000/3969 pasos
cnn época 16: 2500/3969 pasos
cnn época 16: 3000/3969 pasos
cnn época 16: 3500/3969 pasos
cnn época 16: train=0.385813, val=0.431473, RMSE=0.105863 mm/h, 23.3s, paciencia=2
cnn época 17: 500/3969 pasos
cnn época 17: 1000/3969 pasos
cnn época 17: 1500/3969 pasos
cnn época 17: 2000/3969 pasos
cnn época 17: 2500/3969 pasos
cnn época 17: 3000/3969 pasos
cnn época 17: 3500/3969 pasos
cnn época 17: train=0.385518, val=0.425375, RMSE=0.105113 mm/h, 27.4s, paciencia=3
cnn época 18: 500/3969 pasos
cnn época 18: 1000/3969 pasos
cnn época 18: 1500/3969 pasos
cnn época 18: 2000/3969 pasos
cnn época 18: 2500/3969 pasos
cnn época 18: 3000/3969 pasos
cnn época 18: 3500/3969 pasos
cnn época 18: train=0.384907, val=0.432183, RMSE=0.105951 mm/h, 24.2s, paciencia=4
cnn época 19: 500/3969 pasos
cnn época 19: 1000/3969 pasos
cnn época 19: 1500/3969 pasos
cnn época 19: 2000/3969 pasos
cnn época 19: 2500/3969 pasos
cnn época 19: 3000/3969 pasos
cnn época 19: 3500/3969 pasos
cnn época 19: train=0.382866, val=0.415619, RMSE=0.103900 mm/h, 34.5s, paciencia=0
cnn época 20: 500/3969 pasos
cnn época 20: 1000/3969 pasos
cnn época 20: 1500/3969 pasos
cnn época 20: 2000/3969 pasos
cnn época 20: 2500/3969 pasos
cnn época 20: 3000/3969 pasos
cnn época 20: 3500/3969 pasos
cnn época 20: train=0.381368, val=0.418357, RMSE=0.104242 mm/h, 40.5s, paciencia=1
cnn época 21: 500/3969 pasos
cnn época 21: 1000/3969 pasos
cnn época 21: 1500/3969 pasos
cnn época 21: 2000/3969 pasos
cnn época 21: 2500/3969 pasos
cnn época 21: 3000/3969 pasos
cnn época 21: 3500/3969 pasos
cnn época 21: train=0.379812, val=0.409562, RMSE=0.103141 mm/h, 39.0s, paciencia=0
cnn época 22: 500/3969 pasos
cnn época 22: 1000/3969 pasos
cnn época 22: 1500/3969 pasos
cnn época 22: 2000/3969 pasos
cnn época 22: 2500/3969 pasos
cnn época 22: 3000/3969 pasos
cnn época 22: 3500/3969 pasos
cnn época 22: train=0.379328, val=0.411572, RMSE=0.103393 mm/h, 57.9s, paciencia=1
cnn época 23: 500/3969 pasos
cnn época 23: 1000/3969 pasos
cnn época 23: 1500/3969 pasos
cnn época 23: 2000/3969 pasos
cnn época 23: 2500/3969 pasos
cnn época 23: 3000/3969 pasos
cnn época 23: 3500/3969 pasos
cnn época 23: train=0.377683, val=0.408719, RMSE=0.103034 mm/h, 30.4s, paciencia=0
cnn época 24: 500/3969 pasos
cnn época 24: 1000/3969 pasos
cnn época 24: 1500/3969 pasos
cnn época 24: 2000/3969 pasos
cnn época 24: 2500/3969 pasos
cnn época 24: 3000/3969 pasos
cnn época 24: 3500/3969 pasos
cnn época 24: train=0.377394, val=0.408808, RMSE=0.103046 mm/h, 28.5s, paciencia=1
cnn época 25: 500/3969 pasos
cnn época 25: 1000/3969 pasos
cnn época 25: 1500/3969 pasos
cnn época 25: 2000/3969 pasos
cnn época 25: 2500/3969 pasos
cnn época 25: 3000/3969 pasos
cnn época 25: 3500/3969 pasos
cnn época 25: train=0.375950, val=0.411421, RMSE=0.103374 mm/h, 29.2s, paciencia=2
cnn época 26: 500/3969 pasos
cnn época 26: 1000/3969 pasos
cnn época 26: 1500/3969 pasos
cnn época 26: 2000/3969 pasos
cnn época 26: 2500/3969 pasos
cnn época 26: 3000/3969 pasos
cnn época 26: 3500/3969 pasos
cnn época 26: train=0.375172, val=0.406332, RMSE=0.102733 mm/h, 23.4s, paciencia=0
cnn época 27: 500/3969 pasos
cnn época 27: 1000/3969 pasos
cnn época 27: 1500/3969 pasos
cnn época 27: 2000/3969 pasos
cnn época 27: 2500/3969 pasos
cnn época 27: 3000/3969 pasos
cnn época 27: 3500/3969 pasos
cnn época 27: train=0.373708, val=0.410172, RMSE=0.103217 mm/h, 25.0s, paciencia=1
cnn época 28: 500/3969 pasos
cnn época 28: 1000/3969 pasos
cnn época 28: 1500/3969 pasos
cnn época 28: 2000/3969 pasos
cnn época 28: 2500/3969 pasos
cnn época 28: 3000/3969 pasos
cnn época 28: 3500/3969 pasos
cnn época 28: train=0.372748, val=0.408897, RMSE=0.103057 mm/h, 31.0s, paciencia=2
cnn época 29: 500/3969 pasos
cnn época 29: 1000/3969 pasos
cnn época 29: 1500/3969 pasos
cnn época 29: 2000/3969 pasos
cnn época 29: 2500/3969 pasos
cnn época 29: 3000/3969 pasos
cnn época 29: 3500/3969 pasos
cnn época 29: train=0.372134, val=0.410053, RMSE=0.103202 mm/h, 23.2s, paciencia=3
cnn época 30: 500/3969 pasos
cnn época 30: 1000/3969 pasos
cnn época 30: 1500/3969 pasos
cnn época 30: 2000/3969 pasos
cnn época 30: 2500/3969 pasos
cnn época 30: 3000/3969 pasos
cnn época 30: 3500/3969 pasos
cnn época 30: train=0.370897, val=0.404652, RMSE=0.102520 mm/h, 25.9s, paciencia=0
cnn época 31: 500/3969 pasos
cnn época 31: 1000/3969 pasos
cnn época 31: 1500/3969 pasos
cnn época 31: 2000/3969 pasos
cnn época 31: 2500/3969 pasos
cnn época 31: 3000/3969 pasos
cnn época 31: 3500/3969 pasos
cnn época 31: train=0.369587, val=0.410102, RMSE=0.103208 mm/h, 23.3s, paciencia=1
cnn época 32: 500/3969 pasos
cnn época 32: 1000/3969 pasos
cnn época 32: 1500/3969 pasos
cnn época 32: 2000/3969 pasos
cnn época 32: 2500/3969 pasos
cnn época 32: 3000/3969 pasos
cnn época 32: 3500/3969 pasos
cnn época 32: train=0.369108, val=0.404407, RMSE=0.102489 mm/h, 22.9s, paciencia=0
cnn época 33: 500/3969 pasos
cnn época 33: 1000/3969 pasos
cnn época 33: 1500/3969 pasos
cnn época 33: 2000/3969 pasos
cnn época 33: 2500/3969 pasos
cnn época 33: 3000/3969 pasos
cnn época 33: 3500/3969 pasos
cnn época 33: train=0.367427, val=0.408121, RMSE=0.102959 mm/h, 22.6s, paciencia=1
cnn época 34: 500/3969 pasos
cnn época 34: 1000/3969 pasos
cnn época 34: 1500/3969 pasos
cnn época 34: 2000/3969 pasos
cnn época 34: 2500/3969 pasos
cnn época 34: 3000/3969 pasos
cnn época 34: 3500/3969 pasos
cnn época 34: train=0.367310, val=0.405041, RMSE=0.102570 mm/h, 24.5s, paciencia=2
cnn época 35: 500/3969 pasos
cnn época 35: 1000/3969 pasos
cnn época 35: 1500/3969 pasos
cnn época 35: 2000/3969 pasos
cnn época 35: 2500/3969 pasos
cnn época 35: 3000/3969 pasos
cnn época 35: 3500/3969 pasos
cnn época 35: train=0.366624, val=0.409709, RMSE=0.103159 mm/h, 22.8s, paciencia=3
cnn época 36: 500/3969 pasos
cnn época 36: 1000/3969 pasos
cnn época 36: 1500/3969 pasos
cnn época 36: 2000/3969 pasos
cnn época 36: 2500/3969 pasos
cnn época 36: 3000/3969 pasos
cnn época 36: 3500/3969 pasos
cnn época 36: train=0.365282, val=0.400391, RMSE=0.101979 mm/h, 23.0s, paciencia=0
cnn época 37: 500/3969 pasos
cnn época 37: 1000/3969 pasos
cnn época 37: 1500/3969 pasos
cnn época 37: 2000/3969 pasos
cnn época 37: 2500/3969 pasos
cnn época 37: 3000/3969 pasos
cnn época 37: 3500/3969 pasos
cnn época 37: train=0.363899, val=0.414720, RMSE=0.103788 mm/h, 29.6s, paciencia=1
cnn época 38: 500/3969 pasos
cnn época 38: 1000/3969 pasos
cnn época 38: 1500/3969 pasos
cnn época 38: 2000/3969 pasos
cnn época 38: 2500/3969 pasos
cnn época 38: 3000/3969 pasos
cnn época 38: 3500/3969 pasos
cnn época 38: train=0.363617, val=0.400333, RMSE=0.101972 mm/h, 31.8s, paciencia=0
cnn época 39: 500/3969 pasos
cnn época 39: 1000/3969 pasos
cnn época 39: 1500/3969 pasos
cnn época 39: 2000/3969 pasos
cnn época 39: 2500/3969 pasos
cnn época 39: 3000/3969 pasos
cnn época 39: 3500/3969 pasos
cnn época 39: train=0.362754, val=0.399585, RMSE=0.101876 mm/h, 31.7s, paciencia=0
cnn época 40: 500/3969 pasos
cnn época 40: 1000/3969 pasos
cnn época 40: 1500/3969 pasos
cnn época 40: 2000/3969 pasos
cnn época 40: 2500/3969 pasos
cnn época 40: 3000/3969 pasos
cnn época 40: 3500/3969 pasos
cnn época 40: train=0.360662, val=0.404517, RMSE=0.102503 mm/h, 31.3s, paciencia=1
cnn época 41: 500/3969 pasos
cnn época 41: 1000/3969 pasos
cnn época 41: 1500/3969 pasos
cnn época 41: 2000/3969 pasos
cnn época 41: 2500/3969 pasos
cnn época 41: 3000/3969 pasos
cnn época 41: 3500/3969 pasos
cnn época 41: train=0.360080, val=0.402220, RMSE=0.102212 mm/h, 31.0s, paciencia=2
cnn época 42: 500/3969 pasos
cnn época 42: 1000/3969 pasos
cnn época 42: 1500/3969 pasos
cnn época 42: 2000/3969 pasos
cnn época 42: 2500/3969 pasos
cnn época 42: 3000/3969 pasos
cnn época 42: 3500/3969 pasos
cnn época 42: train=0.359331, val=0.408373, RMSE=0.102991 mm/h, 31.1s, paciencia=3
cnn época 43: 500/3969 pasos
cnn época 43: 1000/3969 pasos
cnn época 43: 1500/3969 pasos
cnn época 43: 2000/3969 pasos
cnn época 43: 2500/3969 pasos
cnn época 43: 3000/3969 pasos
cnn época 43: 3500/3969 pasos
cnn época 43: train=0.359181, val=0.405089, RMSE=0.102576 mm/h, 31.2s, paciencia=4
cnn época 44: 500/3969 pasos
cnn época 44: 1000/3969 pasos
cnn época 44: 1500/3969 pasos
cnn época 44: 2000/3969 pasos
cnn época 44: 2500/3969 pasos
cnn época 44: 3000/3969 pasos
cnn época 44: 3500/3969 pasos
cnn época 44: train=0.356994, val=0.409943, RMSE=0.103188 mm/h, 31.3s, paciencia=5
gnn época 1: 500/3969 pasos
gnn época 1: 1000/3969 pasos
gnn época 1: 1500/3969 pasos
gnn época 1: 2000/3969 pasos
gnn época 1: 2500/3969 pasos
gnn época 1: 3000/3969 pasos
gnn época 1: 3500/3969 pasos
gnn época 1: train=0.547023, val=0.529187, RMSE=0.117240 mm/h, 48.2s, paciencia=0
gnn época 2: 500/3969 pasos
gnn época 2: 1000/3969 pasos
gnn época 2: 1500/3969 pasos
gnn época 2: 2000/3969 pasos
gnn época 2: 2500/3969 pasos
gnn época 2: 3000/3969 pasos
gnn época 2: 3500/3969 pasos
gnn época 2: train=0.447710, val=0.472436, RMSE=0.110775 mm/h, 42.5s, paciencia=0
gnn época 3: 500/3969 pasos
gnn época 3: 1000/3969 pasos
gnn época 3: 1500/3969 pasos
gnn época 3: 2000/3969 pasos
gnn época 3: 2500/3969 pasos
gnn época 3: 3000/3969 pasos
gnn época 3: 3500/3969 pasos
gnn época 3: train=0.429586, val=0.456106, RMSE=0.108843 mm/h, 42.2s, paciencia=0
gnn época 4: 500/3969 pasos
gnn época 4: 1000/3969 pasos
gnn época 4: 1500/3969 pasos
gnn época 4: 2000/3969 pasos
gnn época 4: 2500/3969 pasos
gnn época 4: 3000/3969 pasos
gnn época 4: 3500/3969 pasos
gnn época 4: train=0.417072, val=0.448508, RMSE=0.107933 mm/h, 42.5s, paciencia=0
gnn época 5: 500/3969 pasos
gnn época 5: 1000/3969 pasos
gnn época 5: 1500/3969 pasos
gnn época 5: 2000/3969 pasos
gnn época 5: 2500/3969 pasos
gnn época 5: 3000/3969 pasos
gnn época 5: 3500/3969 pasos
gnn época 5: train=0.409301, val=0.435889, RMSE=0.106404 mm/h, 41.9s, paciencia=0
gnn época 6: 500/3969 pasos
gnn época 6: 1000/3969 pasos
gnn época 6: 1500/3969 pasos
gnn época 6: 2000/3969 pasos
gnn época 6: 2500/3969 pasos
gnn época 6: 3000/3969 pasos
gnn época 6: 3500/3969 pasos
gnn época 6: train=0.403191, val=0.434002, RMSE=0.106173 mm/h, 42.4s, paciencia=0
gnn época 7: 500/3969 pasos
gnn época 7: 1000/3969 pasos
gnn época 7: 1500/3969 pasos
gnn época 7: 2000/3969 pasos
gnn época 7: 2500/3969 pasos
gnn época 7: 3000/3969 pasos
gnn época 7: 3500/3969 pasos
gnn época 7: train=0.398839, val=0.434534, RMSE=0.106238 mm/h, 41.7s, paciencia=1
gnn época 8: 500/3969 pasos
gnn época 8: 1000/3969 pasos
gnn época 8: 1500/3969 pasos
gnn época 8: 2000/3969 pasos
gnn época 8: 2500/3969 pasos
gnn época 8: 3000/3969 pasos
gnn época 8: 3500/3969 pasos
gnn época 8: train=0.394953, val=0.426682, RMSE=0.105274 mm/h, 42.0s, paciencia=0
gnn época 9: 500/3969 pasos
gnn época 9: 1000/3969 pasos
gnn época 9: 1500/3969 pasos
gnn época 9: 2000/3969 pasos
gnn época 9: 2500/3969 pasos
gnn época 9: 3000/3969 pasos
gnn época 9: 3500/3969 pasos
gnn época 9: train=0.391848, val=0.434472, RMSE=0.106231 mm/h, 42.2s, paciencia=1
gnn época 10: 500/3969 pasos
gnn época 10: 1000/3969 pasos
gnn época 10: 1500/3969 pasos
gnn época 10: 2000/3969 pasos
gnn época 10: 2500/3969 pasos
gnn época 10: 3000/3969 pasos
gnn época 10: 3500/3969 pasos
gnn época 10: train=0.389168, val=0.418233, RMSE=0.104227 mm/h, 42.1s, paciencia=0
gnn época 11: 500/3969 pasos
gnn época 11: 1000/3969 pasos
gnn época 11: 1500/3969 pasos
gnn época 11: 2000/3969 pasos
gnn época 11: 2500/3969 pasos
gnn época 11: 3000/3969 pasos
gnn época 11: 3500/3969 pasos
gnn época 11: train=0.385958, val=0.416058, RMSE=0.103955 mm/h, 42.5s, paciencia=0
gnn época 12: 500/3969 pasos
gnn época 12: 1000/3969 pasos
gnn época 12: 1500/3969 pasos
gnn época 12: 2000/3969 pasos
gnn época 12: 2500/3969 pasos
gnn época 12: 3000/3969 pasos
gnn época 12: 3500/3969 pasos
gnn época 12: train=0.384570, val=0.419750, RMSE=0.104415 mm/h, 42.0s, paciencia=1
gnn época 13: 500/3969 pasos
gnn época 13: 1000/3969 pasos
gnn época 13: 1500/3969 pasos
gnn época 13: 2000/3969 pasos
gnn época 13: 2500/3969 pasos
gnn época 13: 3000/3969 pasos
gnn época 13: 3500/3969 pasos
gnn época 13: train=0.381246, val=0.415464, RMSE=0.103881 mm/h, 41.6s, paciencia=0
gnn época 14: 500/3969 pasos
gnn época 14: 1000/3969 pasos
gnn época 14: 1500/3969 pasos
gnn época 14: 2000/3969 pasos
gnn época 14: 2500/3969 pasos
gnn época 14: 3000/3969 pasos
gnn época 14: 3500/3969 pasos
gnn época 14: train=0.380445, val=0.407818, RMSE=0.102921 mm/h, 41.6s, paciencia=0
gnn época 15: 500/3969 pasos
gnn época 15: 1000/3969 pasos
gnn época 15: 1500/3969 pasos
gnn época 15: 2000/3969 pasos
gnn época 15: 2500/3969 pasos
gnn época 15: 3000/3969 pasos
gnn época 15: 3500/3969 pasos
gnn época 15: train=0.378806, val=0.416712, RMSE=0.104037 mm/h, 41.2s, paciencia=1
gnn época 16: 500/3969 pasos
gnn época 16: 1000/3969 pasos
gnn época 16: 1500/3969 pasos
gnn época 16: 2000/3969 pasos
gnn época 16: 2500/3969 pasos
gnn época 16: 3000/3969 pasos
gnn época 16: 3500/3969 pasos
gnn época 16: train=0.376195, val=0.416063, RMSE=0.103956 mm/h, 39.7s, paciencia=2
gnn época 17: 500/3969 pasos
gnn época 17: 1000/3969 pasos
gnn época 17: 1500/3969 pasos
gnn época 17: 2000/3969 pasos
gnn época 17: 2500/3969 pasos
gnn época 17: 3000/3969 pasos
gnn época 17: 3500/3969 pasos
gnn época 17: train=0.375330, val=0.419957, RMSE=0.104441 mm/h, 29.7s, paciencia=3
gnn época 18: 500/3969 pasos
gnn época 18: 1000/3969 pasos
gnn época 18: 1500/3969 pasos
gnn época 18: 2000/3969 pasos
gnn época 18: 2500/3969 pasos
gnn época 18: 3000/3969 pasos
gnn época 18: 3500/3969 pasos
gnn época 18: train=0.374299, val=0.418722, RMSE=0.104287 mm/h, 29.9s, paciencia=4
gnn época 19: 500/3969 pasos
gnn época 19: 1000/3969 pasos
gnn época 19: 1500/3969 pasos
gnn época 19: 2000/3969 pasos
gnn época 19: 2500/3969 pasos
gnn época 19: 3000/3969 pasos
gnn época 19: 3500/3969 pasos
gnn época 19: train=0.371639, val=0.411298, RMSE=0.103359 mm/h, 43.3s, paciencia=5
lstm_uni época 1: 500/3969 pasos
lstm_uni época 1: 1000/3969 pasos
lstm_uni época 1: 1500/3969 pasos
lstm_uni época 1: 2000/3969 pasos
lstm_uni época 1: 2500/3969 pasos
lstm_uni época 1: 3000/3969 pasos
lstm_uni época 1: 3500/3969 pasos
lstm_uni época 1: train=0.497938, val=0.503900, RMSE=0.114404 mm/h, 35.3s, paciencia=0
lstm_uni época 2: 500/3969 pasos
lstm_uni época 2: 1000/3969 pasos
lstm_uni época 2: 1500/3969 pasos
lstm_uni época 2: 2000/3969 pasos
lstm_uni época 2: 2500/3969 pasos
lstm_uni época 2: 3000/3969 pasos
lstm_uni época 2: 3500/3969 pasos
lstm_uni época 2: train=0.444187, val=0.477428, RMSE=0.111358 mm/h, 30.4s, paciencia=0
lstm_uni época 3: 500/3969 pasos
lstm_uni época 3: 1000/3969 pasos
lstm_uni época 3: 1500/3969 pasos
lstm_uni época 3: 2000/3969 pasos
lstm_uni época 3: 2500/3969 pasos
lstm_uni época 3: 3000/3969 pasos
lstm_uni época 3: 3500/3969 pasos
lstm_uni época 3: train=0.431808, val=0.460579, RMSE=0.109376 mm/h, 27.4s, paciencia=0
lstm_uni época 4: 500/3969 pasos
lstm_uni época 4: 1000/3969 pasos
lstm_uni época 4: 1500/3969 pasos
lstm_uni época 4: 2000/3969 pasos
lstm_uni época 4: 2500/3969 pasos
lstm_uni época 4: 3000/3969 pasos
lstm_uni época 4: 3500/3969 pasos
lstm_uni época 4: train=0.424664, val=0.451903, RMSE=0.108341 mm/h, 27.3s, paciencia=0
lstm_uni época 5: 500/3969 pasos
lstm_uni época 5: 1000/3969 pasos
lstm_uni época 5: 1500/3969 pasos
lstm_uni época 5: 2000/3969 pasos
lstm_uni época 5: 2500/3969 pasos
lstm_uni época 5: 3000/3969 pasos
lstm_uni época 5: 3500/3969 pasos
lstm_uni época 5: train=0.419539, val=0.445348, RMSE=0.107552 mm/h, 27.3s, paciencia=0
lstm_uni época 6: 500/3969 pasos
lstm_uni época 6: 1000/3969 pasos
lstm_uni época 6: 1500/3969 pasos
lstm_uni época 6: 2000/3969 pasos
lstm_uni época 6: 2500/3969 pasos
lstm_uni época 6: 3000/3969 pasos
lstm_uni época 6: 3500/3969 pasos
lstm_uni época 6: train=0.417257, val=0.444854, RMSE=0.107493 mm/h, 27.6s, paciencia=0
lstm_uni época 7: 500/3969 pasos
lstm_uni época 7: 1000/3969 pasos
lstm_uni época 7: 1500/3969 pasos
lstm_uni época 7: 2000/3969 pasos
lstm_uni época 7: 2500/3969 pasos
lstm_uni época 7: 3000/3969 pasos
lstm_uni época 7: 3500/3969 pasos
lstm_uni época 7: train=0.414420, val=0.441611, RMSE=0.107100 mm/h, 27.7s, paciencia=0
lstm_uni época 8: 500/3969 pasos
lstm_uni época 8: 1000/3969 pasos
lstm_uni época 8: 1500/3969 pasos
lstm_uni época 8: 2000/3969 pasos
lstm_uni época 8: 2500/3969 pasos
lstm_uni época 8: 3000/3969 pasos
lstm_uni época 8: 3500/3969 pasos
lstm_uni época 8: train=0.411912, val=0.438988, RMSE=0.106781 mm/h, 27.2s, paciencia=0
lstm_uni época 9: 500/3969 pasos
lstm_uni época 9: 1000/3969 pasos
lstm_uni época 9: 1500/3969 pasos
lstm_uni época 9: 2000/3969 pasos
lstm_uni época 9: 2500/3969 pasos
lstm_uni época 9: 3000/3969 pasos
lstm_uni época 9: 3500/3969 pasos
lstm_uni época 9: train=0.410323, val=0.437399, RMSE=0.106588 mm/h, 27.4s, paciencia=0
lstm_uni época 10: 500/3969 pasos
lstm_uni época 10: 1000/3969 pasos
lstm_uni época 10: 1500/3969 pasos
lstm_uni época 10: 2000/3969 pasos
lstm_uni época 10: 2500/3969 pasos
lstm_uni época 10: 3000/3969 pasos
lstm_uni época 10: 3500/3969 pasos
lstm_uni época 10: train=0.408200, val=0.437613, RMSE=0.106614 mm/h, 27.2s, paciencia=1
lstm_uni época 11: 500/3969 pasos
lstm_uni época 11: 1000/3969 pasos
lstm_uni época 11: 1500/3969 pasos
lstm_uni época 11: 2000/3969 pasos
lstm_uni época 11: 2500/3969 pasos
lstm_uni época 11: 3000/3969 pasos
lstm_uni época 11: 3500/3969 pasos
lstm_uni época 11: train=0.407664, val=0.433570, RMSE=0.106120 mm/h, 27.3s, paciencia=0
lstm_uni época 12: 500/3969 pasos
lstm_uni época 12: 1000/3969 pasos
lstm_uni época 12: 1500/3969 pasos
lstm_uni época 12: 2000/3969 pasos
lstm_uni época 12: 2500/3969 pasos
lstm_uni época 12: 3000/3969 pasos
lstm_uni época 12: 3500/3969 pasos
lstm_uni época 12: train=0.407105, val=0.433443, RMSE=0.106105 mm/h, 27.3s, paciencia=0
lstm_uni época 13: 500/3969 pasos
lstm_uni época 13: 1000/3969 pasos
lstm_uni época 13: 1500/3969 pasos
lstm_uni época 13: 2000/3969 pasos
lstm_uni época 13: 2500/3969 pasos
lstm_uni época 13: 3000/3969 pasos
lstm_uni época 13: 3500/3969 pasos
lstm_uni época 13: train=0.405997, val=0.434304, RMSE=0.106210 mm/h, 26.8s, paciencia=1
lstm_uni época 14: 500/3969 pasos
lstm_uni época 14: 1000/3969 pasos
lstm_uni época 14: 1500/3969 pasos
lstm_uni época 14: 2000/3969 pasos
lstm_uni época 14: 2500/3969 pasos
lstm_uni época 14: 3000/3969 pasos
lstm_uni época 14: 3500/3969 pasos
lstm_uni época 14: train=0.405284, val=0.434767, RMSE=0.106267 mm/h, 27.9s, paciencia=2
lstm_uni época 15: 500/3969 pasos
lstm_uni época 15: 1000/3969 pasos
lstm_uni época 15: 1500/3969 pasos
lstm_uni época 15: 2000/3969 pasos
lstm_uni época 15: 2500/3969 pasos
lstm_uni época 15: 3000/3969 pasos
lstm_uni época 15: 3500/3969 pasos
lstm_uni época 15: train=0.403852, val=0.430965, RMSE=0.105801 mm/h, 27.5s, paciencia=0
lstm_uni época 16: 500/3969 pasos
lstm_uni época 16: 1000/3969 pasos
lstm_uni época 16: 1500/3969 pasos
lstm_uni época 16: 2000/3969 pasos
lstm_uni época 16: 2500/3969 pasos
lstm_uni época 16: 3000/3969 pasos
lstm_uni época 16: 3500/3969 pasos
lstm_uni época 16: train=0.402804, val=0.429467, RMSE=0.105617 mm/h, 27.2s, paciencia=0
lstm_uni época 17: 500/3969 pasos
lstm_uni época 17: 1000/3969 pasos
lstm_uni época 17: 1500/3969 pasos
lstm_uni época 17: 2000/3969 pasos
lstm_uni época 17: 2500/3969 pasos
lstm_uni época 17: 3000/3969 pasos
lstm_uni época 17: 3500/3969 pasos
lstm_uni época 17: train=0.402680, val=0.442350, RMSE=0.107190 mm/h, 27.4s, paciencia=1
lstm_uni época 18: 500/3969 pasos
lstm_uni época 18: 1000/3969 pasos
lstm_uni época 18: 1500/3969 pasos
lstm_uni época 18: 2000/3969 pasos
lstm_uni época 18: 2500/3969 pasos
lstm_uni época 18: 3000/3969 pasos
lstm_uni época 18: 3500/3969 pasos
lstm_uni época 18: train=0.401962, val=0.433021, RMSE=0.106053 mm/h, 27.5s, paciencia=2
lstm_uni época 19: 500/3969 pasos
lstm_uni época 19: 1000/3969 pasos
lstm_uni época 19: 1500/3969 pasos
lstm_uni época 19: 2000/3969 pasos
lstm_uni época 19: 2500/3969 pasos
lstm_uni época 19: 3000/3969 pasos
lstm_uni época 19: 3500/3969 pasos
lstm_uni época 19: train=0.402068, val=0.431354, RMSE=0.105849 mm/h, 27.3s, paciencia=3
lstm_uni época 20: 500/3969 pasos
lstm_uni época 20: 1000/3969 pasos
lstm_uni época 20: 1500/3969 pasos
lstm_uni época 20: 2000/3969 pasos
lstm_uni época 20: 2500/3969 pasos
lstm_uni época 20: 3000/3969 pasos
lstm_uni época 20: 3500/3969 pasos
lstm_uni época 20: train=0.400400, val=0.432887, RMSE=0.106037 mm/h, 27.3s, paciencia=4
lstm_uni época 21: 500/3969 pasos
lstm_uni época 21: 1000/3969 pasos
lstm_uni época 21: 1500/3969 pasos
lstm_uni época 21: 2000/3969 pasos
lstm_uni época 21: 2500/3969 pasos
lstm_uni época 21: 3000/3969 pasos
lstm_uni época 21: 3500/3969 pasos
lstm_uni época 21: train=0.400365, val=0.430190, RMSE=0.105706 mm/h, 26.7s, paciencia=5
